O que vamos aprender?
Parabéns pelo progresso! Vamos continuar avançando, pois no dia de hoje daremos um importante passo nos seus conhecimentos de JavaScript. Vamos aprender os conceitos e as aplicações das chamadas Higher Order Functions, tal qual compreender como podemos nos beneficiar desse valioso recurso na construção de código.
Essas funções são bastante poderosas, e podemos utilizá-las para implementar soluções para diversos tipos de situação. Resultando em um código mais legível, conciso e expressivo.


Você será capaz de:
Utilizar funções de diferentes formas;
Reutilizar lógicas de códigos;
Aplicar o conceito de Higher Order Functions.


Por que isso é importante?
O grande benefício das Higher Order Functions, também conhecidas como HOFs é a maior capacidade de reutilização de lógicas já implementadas, uma vez que permitem a criação de funções mais robustas. Isso gera economia de código e poupa o trabalho da pessoa desenvolvedora em reestruturar toda uma lógica novamente.
Esse conhecimento pode fazer de você uma pessoa desenvolvedora mais solicitada no mercado, visto que as HOFs irão auxiliar no conceito de Clean Code que é bastante utilizado.


Conteúdos
A seguir você irá aprender o que é first-class functions e quais os efeitos práticos em linguagens que utilizam esse conceito (JavaScript). Também aprenderá o que são High Order Functions e situações comuns onde são empregadas.



First-Class Functions
Uma linguaguem é dita ter First-Class Functions quando trata suas funções como first class citizens (isto é, cidadãos de primeira classe), ou seja, elas suportam as mesmas operações que estão disponíveis para os outros tipos. Isso significa que nossas funções podem ser atribuídas à variáveis, passadas como argumento e/ou retornadas por outras funções. JavaScript é uma linguagem que utiliza esse conceito, portanto podemos:
Atribuir funções à variáveis:
Copiar
function sum (number1, number2) {
  return number1 + number2;
}

const sumVariable = sum;

console.log(sumVariable);
//  [Function: sum]
No exemplo acima, vemos a declaração da função sum acontecendo e a atribuição da mesma função dentro de uma variável chamada sumVariable. Esse exemplo pode soar estranho. Você deve estar se perguntando: "criei uma função pra colocar ela dentro de uma variável... por que fazer isso?". Caso você tenha tido esse questionamento, não sinta-se perdido. O real motivo foi para exemplificar que podemos fazer.
Mas achou que iríamos te deixar sem um exemplo concreto? Achou errado! Aliás, você já faz isso há algum tempo...
Copiar
const sum = (number1, number2) => {
  return number1 + number2;
};
Quando utilizamos arrow functions, estamos justamente utilizando da capacidade do javascript de conseguir armazenar a função dentro de uma variável. Isso é algo maravilhoso.
Passar funções como argumento para outras funções:
Copiar
const sayHello = () => {
  return ('hello trybers');
}

const printGreeting = (callback) => {
    console.log(callback());
}

printGreeting(sayHello);
Retornar uma função de outra função:
Copiar
const sumFixAmount = (amount) => {
  return (number) => amount + number;
}

const initialSum = sumFixAmount(15)
console.log(initialSum(5));



Higher Order Functions
Agora que já especificamos o que são funções de primeira classe, vamos aprender sobre as Funções de Ordem Superior, conhecidas por Higher Order Functions ou simplesmente HOFs.
As HOFs são funções que usam outras funções em suas operações, devendo aceitá-las como parâmetro e/ou retorná-las. O mais incrível é que você já aplicou este conceito na prática. Veja este exemplo:
Copiar
const button = document.querySelector('#signup-button');

const registerUser = () => {
  console.log('Registrado com sucesso!');
};

button.addEventListener('click', registerUser);
Construímos uma função que simula o registro de uma nova pessoa e passamos como argumento de uma segunda função. Logo, addEventListener é uma HOF.
Lembre-se: First-Class Functions é o nome do conceito que define a forma que a linguagem (no nosso caso JavaScript) trata suas funções, permitindo que sejam suportadas em operações que são usadas em outros tipos (atribuição, retorno, parâmetro), e HOF é uma função que atende ao critério de receber como parâmetro e/ou retornar outra função.
Agora que você viu o que são funções de primeira classe e sua aplicação em parâmetros, partiu saber como estruturar suas HOFs?



Estruturando uma HOF
Vamos construir este conceito passo a passo para que você possa compreender e aplicar na sua jornada como pessoa desenvolvedora. Para isto, é extremamente importante ter em mente que as HOFs nos permitem compactar ações e não somente repassar valores. Veja este exemplo:
Copiar
const repeat = (number, action) => {
  for (let count = 0; count <= number; count += 1) {
    action(count);
  }
};

repeat(5, console.log);
Construímos essa função para implementar um laço de repetição entre 0 e um número especificado via parâmetro (number) e para mostrar no console o valor da variável count de 0 a N (number). O console.log é uma função própria do JavaScript, mas veja que fica mais simples caso você precise substituir esta ação para console.table ou console.group.
Vamos aumentar um pouco o nível de complexidade e visualizar como podemos ir construindo funções mais especializadas e bem definidas. Veja este exemplo:
Copiar
const repeat = (number, action) => {
  for (let count = 0; count <= number; count += 1) {
    action(count);
  }
};

repeat(3, (number) => {
  if (number % 2 === 0) {
    console.log(number, 'is even');
  }
});
Pegamos a nossa implementação do exemplo anterior e repassamos dois parâmetros ao chamarmos a função repeat, sendo:
1 - Um número até que ponto gostaríamos de testar, neste caso 3;
2 - Nossa ação que será executada quando chamada action(count) na nossa função repeat, neste caso uma função para testar nossos números.
Veja que nosso segundo parâmetro é uma função que recebe o count como argumento, proveniente da execução do nosso action(count) dentro da função repeat. Deste modo, caso o count passe pela condição estabelecida para ser um número par, será executada a mensagem com os números que atendem ao critério.
Pense agora que gostaríamos de testar quais números são ímpares. Veja como fica fácil ajustar a implementação:
Copiar
const repeat = (number, action) => {
  for (let count = 0; count <= number; count += 1) {
    action(count);
  }
};

const isEven = (number) => {
  if (number % 2 === 0) {
    console.log(number, 'is even');
  }
};

const isOdd = (number) => {
  if ((number % 2) > 0) {
    console.log(number, 'is odd');
  }
};

repeat(3, isEven); // Testa quais números serão pares;
repeat(3, isOdd); // Testa quais números serão ímpares;
Observe que apenas transportamos e ajustamos a lógica para identificar os números pares e ímpares em duas novas funções chamadas isEven e isOdd. Após isso, só alteramos o segundo parâmetro ao chamar a função repeat.
A função recebida como argumento pela HOF, também é conhecida por callback. No exemplo, repeat é uma HOF que recebe isEven ou isOdd como callback. Podemos encontrar mais sobre este assunto nos Recursos adicionais, no entanto não se preocupe com este conceito no momento, abordaremos isso nos conteúdos adiante.
Olhe o exemplo a seguir:
Copiar
const numberGenerator = () => {
  return Math.random() * 100;
}

console.log(numberGenerator);
Veja que ao executar esse código, não recebemos um número aleatório. Isso aconteceu porque na quinta linha do script nós imprimimos apenas a escrita da função, como não realizamos sua execução, ela não seguiu os procedimentos para retornar um número aleatório. Para executarmos a função, teríamos que inserir () na frente do numberGenerator.
Essa lógica é a mesma quando usamos callback dentro de outras funções. Lembre que o traço do JavaScript que considera funções como cidadãs de primeira classe permite que nós possamos inserir elas em variáveis. Você já fez isso antes também, se voltar no primeiro exemplo dessa função, vai ver que a chamada da callback no addEventListener funciona de modo similar. Tudo isso é parte de algo maior, são High Order Functions.

Para fixar
Vamos praticar com os seguintes exercícios:
1 - Crie uma função que retorne a string 'Acordando!!';
2 - Crie outra função que retorne a string 'Bora tomar café!!';
3 - Crie mais uma função que retorne a string 'Partiu dormir!!';
4 - Agora desenvolva uma HOF chamada doingThings e configure esta função para que imprima no console o resultado da execução das funções que você criou nos exemplos anteriores. Exemplo:
Copiar
// Ao chamar a função doingThings:
doingThings(wakeUp);

// Ela deve retornar o valor do respectivo parâmetro, neste caso:
// Acordando!!



Vamos praticar!
É hora de colocar em prática todo esse conhecimento. 💪
Aula ao vivo! Vamos para o Slack, onde o link estará disponível.



Exercícios
Hora de pôr a mão na massa!
fundamentos
Antes de começar: versionando seu código
Para versionar seu código, utilize o seu repositório de exercícios. 😉
Abaixo você vai ver exemplos de como organizar os exercícios do dia em uma branch, com arquivos e commits específicos para cada exercício. Você deve seguir este padrão para realizar os exercícios a seguir.
Abra a pasta de exercícios:
Copiar
$ cd ~/trybe-exercicios
Certifique-se de que está na branch main e ela está sincronizada com a remota. Caso você tenha arquivos modificados e não comitados, deverá fazer um commit ou checkout dos arquivos antes deste passo.
Copiar
$ git checkout main
$ git pull
A partir da main, crie uma branch com o nome exercicios/8.1 (bloco 8, dia 1)
Copiar
$ git checkout -b exercicios/8.1
Caso seja o primeiro dia deste módulo, crie um diretório para ele e o acesse na sequência:
Copiar
$ mkdir fundamentos
$ cd fundamentos
Caso seja o primeiro dia do bloco, crie um diretório para ele e o acesse na sequência:
Copiar
$ mkdir bloco-8-higher-order-functions-do-javascript-es6
$ cd bloco-8-higher-order-functions-do-javascript-es6
Crie um diretório para o dia e o acesse na sequência:
Copiar
$ mkdir dia-1-javascript-es6-introducao-a-higher-order-functions
$ cd dia-1-javascript-es6-introducao-a-higher-order-functions
Os arquivos referentes aos exercícios deste dia deverão ficar dentro do diretório ~/trybe-exercicios/fundamentos/block-8-higher-order-functions-do-javascript-es6/dia-1-javascript-es6-introducao-a-higher-order-functions. Lembre-se de fazer commits pequenos e com mensagens bem descritivas, preferencialmente a cada exercício resolvido.

Verifique os arquivos alterados/adicionados:
Copiar
$ git status
On branch exercicios/8.1
Changes not staged for commit:
  (use "git add <file>..." to update what will be committed)
  (use "git checkout -- <file>..." to discard changes in working directory)

  modified:   exercicio-1

Adicione os arquivos que farão parte daquele commit:
Copiar
# Se quiser adicionar os arquivos individualmente
$ git add caminhoParaArquivo

# Se quiser adicionar todos os arquivos de uma vez, porém, atente-se
para não adicionar arquivos indesejados acidentalmente
$ git add --all

Faça o commit com uma mensagem descritiva das alterações:
Copiar
$ git commit -m "Mensagem descrevendo alterações"
Você pode visualizar o log de todos os commits já feitos naquela branch com git log.
Copiar
$ git log
commit 100c5ca0d64e2b8649f48edf3be13588a77b8fa4 (HEAD -> exercicios/8.1)
Author: Tryber Bot <tryberbot@betrybe.com>
Date:   Fry Sep 27 17:48:01 2019 -0300

    Exercicio 2 - mudando o evento de click para mouseover, tirei o alert e coloquei pra quando clicar aparecer uma imagem do lado direito da tela

commit c0701d91274c2ac8a29b9a7fbe4302accacf3c78
Author: Tryber Bot <tryberbot@betrybe.com>
Date:   Fry Sep 27 16:47:21 2019 -0300

    Exercicio 2 - adicionando um alert, usando função e o evento click

commit 6835287c44e9ac9cdd459003a7a6b1b1a7700157
Author: Tryber Bot <tryberbot@betrybe.com>
Date:   Fry Sep 27 15:46:32 2019 -0300

    Resolvendo o exercício 1 usando eventListener
Agora que temos as alterações salvas no repositório local precisamos enviá-las para o repositório remoto. No primeiro envio, a branch exercicios/8.1 não vai existir no repositório remoto, então precisamos configurar o remote utilizando a opção --set-upstream (ou -u, que é a forma abreviada).
Copiar
$ git push -u origin exercicios/8.1
Após realizar o passo 9, podemos abrir a Pull Request a partir do link que aparecerá na mensagem do push no terminal, ou na página do seu repositório de exercícios no GitHub através de um botão que aparecerá na interface. Escolha a forma que preferir e abra a Pull Request. De agora em diante, você repetirá o fluxo a partir do passo 7 para cada exercício adicionado, porém como já definimos a branch remota com -u anteriormente, agora podemos simplificar os comandos para:
Copiar
# Quando quiser enviar para o repositório remoto
$ git push

# Caso você queria sincronizar com o remoto, poderá utilizar apenas
$ git pull
Quando terminar os exercícios, seus códigos devem estar todos commitados na branch exercicios/8.1, e disponíveis no repositório remoto do GitHub. Pra finalizar, compartilhe o link da Pull Request no canal de Code Review para a monitoria e/ou colegas revisarem. Faça review você também, lembre-se que é muito importante para o seu desenvolvimento ler o código de outras pessoas. 🤜🏼🤛🏼



Agora a prática
1 - Crie uma função que retorne um objeto no formato { nomeCompleto, email } representando uma nova pessoa contratada. Passe sua função como parâmetro da HOF newEmployees para criar cada pessoa contratada em seu respectivo id. A sua função deve receber como parâmetro o nome completo da pessoa funcionária e a partir dele gerar automaticamente um email no formato nome_da_pessoa@trybe.com.
Copiar
const newEmployees = () => {
  const employees = {
    id1: '', // Nome: Pedro Guerra -> Chame sua função passando o nome Pedro Guerra como parâmetro, substituindo as aspas
    id2: '', // Nome: Luiza Drumond -> Chame sua função passando o nome Luiza Drumond como parâmetro, substituindo as aspas
    id3: '', // Nome: Carla Paiva -> Chame sua função passando o nome Carla Paiva como parâmetro, substituindo as aspas
  }
  return employees;
};
2 - Desenvolva uma HOF que retorna o resultado de um sorteio. Esta HOF irá gerar um número aleatório entre 1 e 5 recebendo como parâmetros o número apostado e uma função que checa se o número apostado é igual ao número sorteado. O retorno da sua HOF deve ser uma string (Ex: "Tente novamente" ou "Parabéns você ganhou").
3 - Crie uma HOF que receberá três parâmetros:
O primeiro será um array de respostas corretas (Gabarito);
O segundo será um array contendo as respostas fornecidas por uma pessoa estudante;
O terceiro é uma função que compara os dois arrays e então dá uma pontuação baseada nos acertos. Para isso essa função usará os seguintes critérios:
Uma resposta correta adiciona 1 ponto à pontuação final;
A ausência de uma resposta não altera a pontuação (quando for "N.A");
Uma resposta incorreta reduz a pontuação final em 0.5 ponto.
Ao final, a HOF deve retornar o total de pontos obtidos através das respostas fornecidas pela pessoa estudante. Utilize os seguintes arrays:
Copiar
const RIGHT_ANSWERS = ['A', 'C', 'B', 'D', 'A', 'A', 'D', 'A', 'D', 'C'];
const STUDENT_ANSWERS = ['A', 'N.A', 'B', 'D', 'A', 'C', 'N.A', 'A', 'D', 'B'];




Bônus
Parte I - Game Actions Simulator
Nestes exercícios você irá implementar HOFs que simulam um turno de batalha em um jogo. Você irá criar funções que calculam dano, atualizam status, e ao final, retornam os resultados da rodada.
Para os próximos exercícios copie o código abaixo.
Copiar
const mage = {
  healthPoints: 130,
  intelligence: 45,
  mana: 125,
  damage: undefined,
};

const warrior = {
  healthPoints: 200,
  strength: 30,
  weaponDmg: 2,
  damage: undefined,
};

const dragon = {
  healthPoints: 350,
  strength: 50,
  damage: undefined,
};

const battleMembers = { mage, warrior, dragon };
1 - Crie uma função que retorna o dano do dragão.
O dano será um número aleatório entre 15 (dano mínimo) e o valor do atributo strength (dano máximo).
2 - Crie uma função que retorna o dano causado pelo warrior.
O dano será um número aleatório entre o valor do atributo strength (dano mínimo) e o valor de strength * weaponDmg (dano máximo).
3 - Crie uma função que retorna um objeto com duas chaves e dois valores contendo o dano e a mana gasta pelo mago em um turno.
O dano será um número aleatório entre o valor do atributo intelligence (dano mínimo) e o valor de intelligence * 2 (dano máximo).
A mana consumida por turno é 15. Além disto a função deve ter uma condicional, caso o mago tenha menos de 15 de mana o valor de dano recebe uma mensagem (Ex: "Não possui mana suficiente") e a mana gasta é 0.
Parte II
Agora que você já possui a implementação das funções relativas aos três exercícios anteriores, passe-as como parâmetro para outras funções que irão compor um objeto gameActions. O objeto será composto por ações do jogo e cada ação é por denifição uma HOF, pois neste caso, são funções que recebem como parâmetro outra função.
Copie o código abaixo e inicie sua implementação:
Copiar
const gameActions = {
  // Crie as HOFs neste objeto.
};
1 - Crie a primeira HOF que compõe o objeto gameActions. Ela será a função que simula o turno do personagem warrior. Esta HOF receberá como parâmetro a função que calcula o dano deferido pelo personagem warrior e atualizará os healthPoints do monstro dragon. Além disto ela também deve atualizar o valor da chave damage do warrior.
2 - Crie a segunda HOF que compõe o objeto gameActions. Ela será a função que simula o turno do personagem mage. Esta HOF receberá como parâmetro a função que calcula o dano deferido pelo personagem mage e atualizará os healthPoints do monstro dragon. Além disto ela também deve atualizar o valor das chaves damage e mana do mage.
3 - Crie a terceira HOF que compõe o objeto gameActions. Ela será a função que simula o turno do monstro dragon. Esta HOF receberá como parâmetro a função que calcula o dano deferido pelo monstro dragon e atualizará os healthPoints dos personagens mage e warrior. Além disto ela também deve atualizar o valor da chave damage do monstro.
4 - Adicione ao objeto gameActions uma função que retorne o objeto battleMembers atualizado e faça um console.log para visualizar o resultado final do turno.



Recursos adicionais
Compreendendo Higher Order Functions
Uma introdução rápida às Higher Order Functions
Higher Order Functions - Eloquent JavaScript
Função Callback
