O que vamos aprender?
Na aula de hoje, vamos aprender sobre formulários em HTML, que são uma forma de enviar informações para outra página do seu site ou para um servidor.


Você será capaz de:
Criar formulários em HTML com as tags: input, button, textarea, select, form.


Por que isso é importante?
Quantas vezes você já se deparou com um formulário de cadastro, uma página de login, ou até mesmo precisou enviar um arquivo para o servidor? Isso é bem comum, não é mesmo? A tag <form> do HTML, juntamente com seus elementos, te permite criar todos esses tipos de interação com a pessoa usuária.
Após o curso da Trybe, no seu dia a dia de trabalho, será comum encontrar tarefas que, no fim das contas, são de criação de formulário. Por isso, é importante entender como um formulário funciona.


Conteúdos
Agora vamos ver como criar formulários em HTML, are you ready?



Parte I - Introdução
Neste vídeo, você vai aprender o que é um formulário. Não se preocupe com a parte sobre requisições GET e POST, que são brevemente abordadas no vídeo. Esse conteúdo será visto mais à frente em nosso curso.




Parte II - input tag, types e attributes
Agora veremos esse vídeo com os principais campos de entrada e exibição de texto de um formulário.



Parte III - Criando um formulário completo
Você verá um vídeo ensinando a criar um formulário completo.




Como vimos no vídeo acima, o método .preventDefault() previne que o comportamento padrão de um evento seja executado. Visualize abaixo alguns exemplos de elementos e seus comportamentos:
Copiar
<a href="www.betrybe.com" target="_blank" id="href">TRYBE</a>
Esse código gera um elemento clicável que redireciona a pessoa usuária para o site da Trybe. O atributo target="_blank" indica que o comportamento do elemento é abrir o link em outra aba do navegador.
Copiar
<input type="text" id="input-text"/>
Esse código gera uma caixa de input de texto. O comportamento desse elemento é capturar o(s) caractere(s) digitado(s) pela pessoa usuária e exibi-lo(s) dentro da caixa de texto, alterando o atributo "value" do input de acordo com o que é digitado.
Copiar
<input type="checkbox" id="input-checkbox" />
Esse código gera um caixinha de input do tipo checkbox. O comportamento desse elemento é escutar o clique da pessoa usuária e marcar ou desmarcar a caixinha.
Para fixar:
Crie um arquivo HTML index.html
Crie um arquivo Javascript script.js
Em seu arquivo HTML
Adicione o <script src="script.js"></script> no final do body do HTML
Copie os três elementos acima (a, input type="text", checkbox) em sua página
Em seu arquivo Javascript
Adicione os seletores abaixo no começo do arquivo
Copiar
// SELETORES
const INPUT_TEXT = document.querySelector("#input-text");
const INPUT_CHECKBOX = document.querySelector("#input-checkbox");
const HREF_LINK = document.querySelector("#href");
1 - Adicione um evento click no elemento a que possui o id href. Na função do evento, implemente o método .preventDefault() para previnir o comportamento padrão do elemento. Ou seja, ao clicar no link, nada deve acontecer.
2 - Adicione um evento click no elemento checkbox que possui o id input-checkbox. Na função do evento, implemente o método .preventDefault() para previnir o comportamento padrão do elemento. Ou seja, ao clicar na caixinha, nada deve acontecer.
3 - Adicione um evento keypress no elemento input type="text" que possui o id input-text. Na função do evento, implemente o método .preventDefault() de forma que somente o caractere a (letra 'a' minúscula) possa ser digitado na caixinha. (dica: para capturar a tecla digitada, utilize o event.key)
Caso deseje entender melhor o comportamento do método .preventDefault(), acesse a documentação do MDN ou a página da w3schools.



Vamos praticar!
Agora que você já aprendeu sobre formulários em HTML, é hora de praticarmos!
Aula ao vivo! Vamos para o Slack, onde o link estará disponível.


Exercícios
Agora que você já sabe como criar um formulário, é hora de colocar a mão na massa! 👩‍💻
fundamentos
Antes de começar: versionando seu código
Para versionar seu código, utilize o seu repositório de exercícios. 😉
Abaixo você vai ver exemplos de como organizar os exercícios do dia em uma branch, com arquivos e commits específicos para cada exercício. Você deve seguir este padrão para realizar os exercícios a seguir.
Abra a pasta de exercícios:
Copiar
$ cd ~/trybe-exercicios
Certifique-se de que está na branch main e ela está sincronizada com a remota. Caso você tenha arquivos modificados e não comitados, deverá fazer um commit ou checkout dos arquivos antes deste passo.
Copiar
$ git checkout main
$ git pull
A partir da main, crie uma branch com o nome exercicios/6.1 (bloco 6, dia 1)
Copiar
$ git checkout -b exercicios/6.1
Caso seja o primeiro dia deste módulo, crie um diretório para ele e o acesse na sequência:
Copiar
$ mkdir fundamentos
$ cd fundamentos
Caso seja o primeiro dia do bloco, crie um diretório para ele e o acesse na sequência:
Copiar
$ mkdir bloco-6-html-e-css-forms-flexbox-e-responsivo
$ cd bloco-6-html-e-css-forms-flexbox-e-responsivo
Crie um diretório para o dia e o acesse na sequência:
Copiar
$ mkdir dia-1-html-css-forms
$ cd dia-1-html-css-forms
Os arquivos referentes aos exercícios deste dia deverão ficar dentro do diretório ~/trybe-exercicios/fundamentos/block-6-html-e-css-forms-flexbox-e-responsivo/dia-1-html-css-forms. Lembre-se de fazer commits pequenos e com mensagens bem descritivas, preferencialmente a cada exercício resolvido.

Verifique os arquivos alterados/adicionados:
Copiar
$ git status
On branch exercicios/6.1
Changes not staged for commit:
  (use "git add <file>..." to update what will be committed)
  (use "git checkout -- <file>..." to discard changes in working directory)

  modified:   exercicio-1

Adicione os arquivos que farão parte daquele commit:
Copiar
# Se quiser adicionar os arquivos individualmente
$ git add caminhoParaArquivo

# Se quiser adicionar todos os arquivos de uma vez, porém, atente-se
para não adicionar arquivos indesejados acidentalmente
$ git add --all

Faça o commit com uma mensagem descritiva das alterações:
Copiar
$ git commit -m "Mensagem descrevendo alterações"
Você pode visualizar o log de todos os commits já feitos naquela branch com git log.
Copiar
$ git log
commit 100c5ca0d64e2b8649f48edf3be13588a77b8fa4 (HEAD -> exercicios/6.1)
Author: Tryber Bot <tryberbot@betrybe.com>
Date:   Fry Sep 27 17:48:01 2019 -0300

    Exercicio 2 - mudando o evento de click para mouseover, tirei o alert e coloquei pra quando clicar aparecer uma imagem do lado direito da tela

commit c0701d91274c2ac8a29b9a7fbe4302accacf3c78
Author: Tryber Bot <tryberbot@betrybe.com>
Date:   Fry Sep 27 16:47:21 2019 -0300

    Exercicio 2 - adicionando um alert, usando função e o evento click

commit 6835287c44e9ac9cdd459003a7a6b1b1a7700157
Author: Tryber Bot <tryberbot@betrybe.com>
Date:   Fry Sep 27 15:46:32 2019 -0300

    Resolvendo o exercício 1 usando eventListener
Agora que temos as alterações salvas no repositório local precisamos enviá-las para o repositório remoto. No primeiro envio, a branch exercicios/6.1 não vai existir no repositório remoto, então precisamos configurar o remote utilizando a opção --set-upstream (ou -u, que é a forma abreviada).
Copiar
$ git push -u origin exercicios/6.1
Após realizar o passo 9, podemos abrir a Pull Request a partir do link que aparecerá na mensagem do push no terminal, ou na página do seu repositório de exercícios no GitHub através de um botão que aparecerá na interface. Escolha a forma que preferir e abra a Pull Request. De agora em diante, você repetirá o fluxo a partir do passo 7 para cada exercício adicionado, porém como já definimos a branch remota com -u anteriormente, agora podemos simplificar os comandos para:
Copiar
# Quando quiser enviar para o repositório remoto
$ git push

# Caso você queria sincronizar com o remoto, poderá utilizar apenas
$ git pull
Quando terminar os exercícios, seus códigos devem estar todos commitados na branch exercicios/6.1, e disponíveis no repositório remoto do GitHub. Pra finalizar, compartilhe o link da Pull Request no canal de Code Review para a monitoria e/ou colegas revisarem. Faça review você também, lembre-se que é muito importante para o seu desenvolvimento ler o código de outras pessoas. 🤜🏼🤛🏼



Criando um formulário para concorrer a uma viagem
Imagine que você está surfando na internet. Você agora é uma pessoa desenvolvedora, cansada após finalmente terminar seus estudos e pensando nas suas maravilhosas e merecidas férias.
Então, você se depara com um anúncio do concurso TrybeTrip, que premia com uma viagem totalmente paga e com várias opções de destino. Como você imagina que seria a página para concorrer a essa viagem?
Concorda que seria uma espécie de formulário?
O exercício hoje será desenvolver uma página web com o formulário da TrybeTrip. Desenvolva-o em um arquivo chamado form.html. A estruturação de sua página deverá ficar semelhante com a imagem abaixo.

Formato do Formulário TrybeTrip.
A imagem acima foi criada no Excalidraw, ele serve para criar diagramas e estruturas num quadro branco, muito útil para tirar aquela ideia de layout de sua cabeça e colocá-la em visualização. Outra ferramenta ótima para quem se interessa em design é o Figma. Vale a pena dar uma olhada.
Dicas:
Crie o costume de adicionar ID's a elementos únicos e classes a elementos com comportamentos similares, pois isso facilitará muito sua vida como pessoa desenvolvedora;
Procure saber mais sobre as Tags <label> e <fieldset> clicando nas documentações a seguir:
Label;
Fieldset.
O formulário deverá permitir que a pessoa usuária insira os seguintes campos:
Nome Completo:
Limitado entre 10 e 40 caracteres.
E-mail:
Limitado entre 10 e 50 caracteres.
Destino Preferido:
4 opções: Cidade, Campo, Praia, Montanhas.
Por que você deveria ser a pessoa desenvolvedora a ganhar o concurso TrybeTrip?
Limite de 500 caracteres.
Qual a melhor data para realizar sua viagem?
Gostaria de receber outras incríveis oportunidades oferecidas pela Trybe?
Concordo que imagens das minhas férias poderão ser usadas na divulgação de concursos futuros.
Esses serão os principais campos utilizadas nos próximos exercícios.
Crie um botão para enviar as informações preenchidas.
Agora vamos utilizar um pouco de javascript, para isso crie o arquivo script.js e o referencie no HTML.
Dica: Coloque a tag <script> no final do seu body.
Interrompa o comportamento padrão do botão submit utilizando o método preventDefault(). Nossa amiga Carol Silva nos contou um pouco sobre como fazer isso, lembra?
Crie um botão que limpe as informações contidas nos campos;




Bônus
A TrybeTrip precisa muito de fotos para divulgar seus concursos. Tendo isso em mente, faça com que somente quem autorizar o uso de imagens possa enviar suas informações.
Faça a validação dos campos com limite de caracteres. Caso não estejam dentro do esperado ao clicar no botão de submit, um alerta deve ser mostrado com a mensagem: 'Dados Inválidos'. Caso contrário, a mensagem 'Dados enviados com sucesso! Obrigado por participar do concurso TrybeTrip.' deverá aparecer na tela.
